#############################################
Initiated patchr.sh
2026-07-30_09-17

See logs/patchr/patchr.2026-07-30_09-17.log for warnings, errors, and other important information.
Input data dir: /Users/tpd0001/Library/CloudStorage/GoogleDrive-wvuvectors@gmail.com/My Drive/DRISCOLL_LAB/2 PROJECTS/WaTCH/TESTING_LAB/DATA_PCR
Output data dir: /Users/tpd0001/github/watch-wv/patchr/data

Searching for unprocessed batch files.
******
Running 1_queryBatches.pl -i /Users/tpd0001/Library/CloudStorage/GoogleDrive-wvuvectors@gmail.com/My Drive/DRISCOLL_LAB/2 PROJECTS/WaTCH/TESTING_LAB/DATA_PCR -o /Users/tpd0001/github/watch-wv/patchr/data.
******

1_queryBatches.pl identified unprocessed batch files, so an update will be prepared.
Preparing an update to WaTCH now.
Creating update folder /Users/tpd0001/github/watch-wv/patchr/data/updates/2026-07-30_09-17/ to hold the results.
Recording batch files to process in /Users/tpd0001/github/watch-wv/patchr/data/updates/2026-07-30_09-17//update.batch_files.txt.
******
Running prepUpdate.sh.
******
Switching to update directory /Users/tpd0001/github/watch-wv/patchr/data/updates/2026-07-30_09-17/.
Creating directory batches/ to hold the validated batch files.
Preparing unprocessed batch files listed in update.batch_files.txt.
Validated batch files will be stored in batches/ and update.batch_files.txt will be revised.
Further steps in patchr will use the files in batches/.
Copying file CB261.xlsx to batches/CB261.xlsx.
Repairing known issues in CB261.xlsx.
Copying file CB266.xlsx to batches/CB266.xlsx.
Repairing known issues in CB266.xlsx.
Copying file CB267.xlsx to batches/CB267.xlsx.
Repairing known issues in CB267.xlsx.
Copying file CB264.xlsx to batches/CB264.xlsx.
Repairing known issues in CB264.xlsx.
Copying file CB265.xlsx to batches/CB265.xlsx.
Repairing known issues in CB265.xlsx.
Copying file CB262.xlsx to batches/CB262.xlsx.
Repairing known issues in CB262.xlsx.
Copying file CB263.xlsx to batches/CB263.xlsx.
Repairing known issues in CB263.xlsx.
Copying file EB267.xlsx to batches/EB267.xlsx.
Repairing known issues in EB267.xlsx.
Copying file EB263.xlsx to batches/EB263.xlsx.
Repairing known issues in EB263.xlsx.
Copying file EB262.xlsx to batches/EB262.xlsx.
Repairing known issues in EB262.xlsx.
Copying file EB265.xlsx to batches/EB265.xlsx.
Repairing known issues in EB265.xlsx.
Copying file AB170.xlsx to batches/AB170.xlsx.
Repairing known issues in AB170.xlsx.
Copying file AB170_20260718_131244_376.ANALYZED.csv to batches/AB170_20260718_131244_376.ANALYZED.csv.
Repairing known issues in AB170_20260718_131244_376.ANALYZED.csv.
Done.
File AB170_20260718_131244_376.ANALYZED.csv appears to be a ddPCR results file.
  Fixing known incompatibilities in AB170_20260718_131244_376.ANALYZED.csv.
Done.
Copying file AB167.xlsx to batches/AB167.xlsx.
Repairing known issues in AB167.xlsx.
Copying file AB167_20260710_094341_398.ANAYZED.csv to batches/AB167_20260710_094341_398.ANAYZED.csv.
Repairing known issues in AB167_20260710_094341_398.ANAYZED.csv.
Done.
File AB167_20260710_094341_398.ANAYZED.csv appears to be a ddPCR results file.
  Fixing known incompatibilities in AB167_20260710_094341_398.ANAYZED.csv.
Done.
Copying file AssetTagReport.csv to batches/AssetTagReport.csv.
Repairing known issues in AssetTagReport.csv.
Done.
File AssetTagReport.csv appears to be an asset file.
It has been copied to batches/.

******
Running 2_compileUpdate.pl.
******


Ok, I'm about to start modifying the watchdb files in /Users/tpd0001/github/watch-wv/patchr/data/latest/.
First, let's back up /Users/tpd0001/github/watch-wv/patchr/data/latest/ to /Users/tpd0001/github/watch-wv/patchr/data/latest_bk/.

Now I'll create a new watchdb folder in /Users/tpd0001/github/watch-wv/patchr/data/incremental/2026-07-30_09-17/.
It will hold the latest watchdb after update with data from /Users/tpd0001/github/watch-wv/patchr/data/updates/2026-07-30_09-17/.


Now I'm merging the watchdb tables from /Users/tpd0001/github/watch-wv/patchr/data/latest/ with the update tables in /Users/tpd0001/github/watch-wv/patchr/data/updates/2026-07-30_09-17/.
These merged tables will be put in the folder that I just created, /Users/tpd0001/github/watch-wv/patchr/data/incremental/2026-07-30_09-17/.

******
Running 4_appendUpdate.pl /Users/tpd0001/github/watch-wv/patchr/data/incremental/2026-07-30_09-17 /Users/tpd0001/github/watch-wv/patchr/data/updates/2026-07-30_09-17/.
******
INFO : concentration id A02-2046.c1 already exists in either the update or the main watchdb (before update).
INFO : A02-2046.c1 will not be added again!
INFO : It is unclear how this passed the validation stage, so you may want to look into it.
INFO : concentration id A02-2047.c1 already exists in either the update or the main watchdb (before update).
INFO : A02-2047.c1 will not be added again!
INFO : It is unclear how this passed the validation stage, so you may want to look into it.
INFO : extraction id A02-2046.e1 already exists in either the update or the main watchdb (before update).
INFO : A02-2046.e1 will not be added again!
INFO : It is unclear how this passed the validation stage, so you may want to look into it.
INFO : extraction id A02-2047.e1 already exists in either the update or the main watchdb (before update).
INFO : A02-2047.e1 will not be added again!
INFO : It is unclear how this passed the validation stage, so you may want to look into it.
INFO : extraction id EMPTY.e1 already exists in either the update or the main watchdb (before update).
INFO : EMPTY.e1 will not be added again!
INFO : It is unclear how this passed the validation stage, so you may want to look into it.



Now I will generate the RESULT table using the updated watchdb tables in /Users/tpd0001/github/watch-wv/patchr/data/incremental/2026-07-30_09-17.

******
Running 5_calculateResults.pl /Users/tpd0001/github/watch-wv/patchr/data/incremental/2026-07-30_09-17.
******
Undefined sample with id NTC in sample table

5_calculateResults.pl exited with error code 255 and caused patchr to abort.
!!!!!!!!
patchr aborted during phase 5 (calculating results).
Check the file /Users/tpd0001/github/watch-wv/patchr/data/incremental/2026-07-30_09-17/_result.rejections.txt for details.
I STRONGLY recommend deleting /Users/tpd0001/github/watch-wv/patchr/data/incremental/2026-07-30_09-17/ after exploring this error.
Then delete the folder /Users/tpd0001/github/watch-wv/patchr/data/updates/2026-07-30_09-17/, fix the error(s), and run patchr again. 
!!!!!!!!
