#############################################
Initiated patchr.sh
2026-04-17_09-46

See logs/patchr/patchr.2026-04-17_09-46.log for warnings, errors, and other important information.
Input data dir: /Users/tpd0001/Library/CloudStorage/GoogleDrive-wvuvectors@gmail.com/My Drive/DRISCOLL_LAB/2 PROJECTS/WaTCH/TESTING_LAB/DATA_PCR
Output data dir: /Users/tpd0001/github/watch-wv/patchr/data

Searching for unprocessed batch files.
******
Running 1_queryBatches.pl -i /Users/tpd0001/Library/CloudStorage/GoogleDrive-wvuvectors@gmail.com/My Drive/DRISCOLL_LAB/2 PROJECTS/WaTCH/TESTING_LAB/DATA_PCR -o /Users/tpd0001/github/watch-wv/patchr/data.
******

1_queryBatches.pl identified unprocessed batch files, so an update will be prepared.
Preparing an update to WaTCH now.
Creating update folder /Users/tpd0001/github/watch-wv/patchr/data/updates/2026-04-17_09-46/ to hold the results.
Recording batch files to process in /Users/tpd0001/github/watch-wv/patchr/data/updates/2026-04-17_09-46//update.batch_files.txt.
******
Running prepUpdate.sh.
******
Switching to update directory /Users/tpd0001/github/watch-wv/patchr/data/updates/2026-04-17_09-46/.
Creating directory batches/ to hold the validated batch files.
Preparing unprocessed batch files listed in update.batch_files.txt.
Validated batch files will be stored in batches/ and update.batch_files.txt will be revised.
Further steps in patchr will use the files in batches/.
Copying file CB231.xlsx to batches/CB231.xlsx.
Repairing known issues in CB231.xlsx.
Copying file CB230.xlsx to batches/CB230.xlsx.
Repairing known issues in CB230.xlsx.
Copying file CB229.xlsx to batches/CB229.xlsx.
Repairing known issues in CB229.xlsx.
Copying file CB233.xlsx to batches/CB233.xlsx.
Repairing known issues in CB233.xlsx.
Copying file CB232.xlsx to batches/CB232.xlsx.
Repairing known issues in CB232.xlsx.
Copying file CB234.xlsx to batches/CB234.xlsx.
Repairing known issues in CB234.xlsx.
Copying file EB230.xlsx to batches/EB230.xlsx.
Repairing known issues in EB230.xlsx.
Copying file EB234.xlsx to batches/EB234.xlsx.
Repairing known issues in EB234.xlsx.
Copying file EB232.xlsx to batches/EB232.xlsx.
Repairing known issues in EB232.xlsx.
Copying file AB144.xlsx to batches/AB144.xlsx.
Repairing known issues in AB144.xlsx.
Copying file AB144_20260410_085726_681_ANALYZED.csv to batches/AB144_20260410_085726_681_ANALYZED.csv.
Repairing known issues in AB144_20260410_085726_681_ANALYZED.csv.
Done.
File AB144_20260410_085726_681_ANALYZED.csv appears to be a ddPCR results file.
  Fixing known incompatibilities in AB144_20260410_085726_681_ANALYZED.csv.
Done.
Copying file AB143.xlsx to batches/AB143.xlsx.
Repairing known issues in AB143.xlsx.
Copying file AB143_20260403_095145_646_ANALYZED.csv to batches/AB143_20260403_095145_646_ANALYZED.csv.
Repairing known issues in AB143_20260403_095145_646_ANALYZED.csv.
Done.
File AB143_20260403_095145_646_ANALYZED.csv appears to be a ddPCR results file.
  Fixing known incompatibilities in AB143_20260403_095145_646_ANALYZED.csv.
Done.
Copying file AssetTagReport.csv to batches/AssetTagReport.csv.
Repairing known issues in AssetTagReport.csv.
Done.
File AssetTagReport.csv appears to be an asset file.
It has been copied to batches/.

******
Running 2_compileUpdate.pl.
******


Ok, I'm about to start modifying the watchdb files in /Users/tpd0001/github/watch-wv/patchr/data/latest/.
First, let's back up /Users/tpd0001/github/watch-wv/patchr/data/latest/ to /Users/tpd0001/github/watch-wv/patchr/data/latest_bk/.

Now I'll create a new watchdb folder in /Users/tpd0001/github/watch-wv/patchr/data/incremental/2026-04-17_09-46/.
It will hold the latest watchdb after update with data from /Users/tpd0001/github/watch-wv/patchr/data/updates/2026-04-17_09-46/.


Now I'm merging the watchdb tables from /Users/tpd0001/github/watch-wv/patchr/data/latest/ with the update tables in /Users/tpd0001/github/watch-wv/patchr/data/updates/2026-04-17_09-46/.
These merged tables will be put in the folder that I just created, /Users/tpd0001/github/watch-wv/patchr/data/incremental/2026-04-17_09-46/.

******
Running 4_appendUpdate.pl /Users/tpd0001/github/watch-wv/patchr/data/incremental/2026-04-17_09-46 /Users/tpd0001/github/watch-wv/patchr/data/updates/2026-04-17_09-46/.
******



Now I will generate the RESULT table using the updated watchdb tables in /Users/tpd0001/github/watch-wv/patchr/data/incremental/2026-04-17_09-46.

******
Running 5_calculateResults.pl /Users/tpd0001/github/watch-wv/patchr/data/incremental/2026-04-17_09-46.
******


******
Running 6_generateBatchList.pl /Users/tpd0001/github/watch-wv/patchr/data/incremental/2026-04-17_09-46 > /Users/tpd0001/github/watch-wv/patchr/data/incremental/2026-04-17_09-46/watchdb.completed_batches.txt.
******



******
Everything appears to be ok, so on to the final step.
I am now copying the watchdb tables from /Users/tpd0001/github/watch-wv/patchr/data/incremental/2026-04-17_09-46/ to /Users/tpd0001/github/watch-wv/patchr/data/latest/, overwriting the old set.
Never fear! The previous version is still readily available in /Users/tpd0001/github/watch-wv/patchr/data/latest_bk/, and older sets in the /Users/tpd0001/github/watch-wv/patchr/data/incremental/ folder.
******

Updating the README file.

File copy finished.
The most recent version of the watchdb can be found in two places:
    /Users/tpd0001/github/watch-wv/patchr/data/incremental/2026-04-17_09-46/
    and
    /Users/tpd0001/github/watch-wv/patchr/data/latest/
/Users/tpd0001/github/watch-wv/patchr/data/latest_bk/ contains the data from immediately before this update was applied.

All done! patchr run of 2026-04-17_09-46 will now exit.

