#############################################
Initiated patchr.sh
2026-09-22_06-54

See logs/patchr/patchr.2026-09-22_06-54.log for warnings, errors, and other important information.
Input data dir: /Users/tpd0001/Library/CloudStorage/GoogleDrive-wvuvectors@gmail.com/My Drive/DRISCOLL_LAB/2 PROJECTS/WaTCH/TESTING_LAB/DATA_PCR
Output data dir: /Users/tpd0001/github/watch-wv/patchr/data

Searching for unprocessed batch files.
******
Running 1_queryBatches.pl -i /Users/tpd0001/Library/CloudStorage/GoogleDrive-wvuvectors@gmail.com/My Drive/DRISCOLL_LAB/2 PROJECTS/WaTCH/TESTING_LAB/DATA_PCR -o /Users/tpd0001/github/watch-wv/patchr/data.
******

1_queryBatches.pl identified unprocessed batch files, so an update will be prepared.
Preparing an update to WaTCH now.
Creating update folder /Users/tpd0001/github/watch-wv/patchr/data/updates/2026-09-22_06-54/ to hold the results.
Recording batch files to process in /Users/tpd0001/github/watch-wv/patchr/data/updates/2026-09-22_06-54//update.batch_files.txt.
******
Running prepUpdate.sh.
******
Switching to update directory /Users/tpd0001/github/watch-wv/patchr/data/updates/2026-09-22_06-54/.
Creating directory batches/ to hold the validated batch files.
Preparing unprocessed batch files listed in update.batch_files.txt.
Validated batch files will be stored in batches/ and update.batch_files.txt will be revised.
Further steps in patchr will use the files in batches/.
Copying file CB278.xlsx to batches/CB278.xlsx.
Repairing known issues in CB278.xlsx.
Copying file CB280.xlsx to batches/CB280.xlsx.
Repairing known issues in CB280.xlsx.
Copying file CB279.xlsx to batches/CB279.xlsx.
Repairing known issues in CB279.xlsx.
Copying file EB280.xlsx to batches/EB280.xlsx.
Repairing known issues in EB280.xlsx.
Copying file EB278.xlsx to batches/EB278.xlsx.
Repairing known issues in EB278.xlsx.
Copying file AB178.xlsx to batches/AB178.xlsx.
Repairing known issues in AB178.xlsx.
Copying file AB178_20260911_095827_117.ANALYZED.csv to batches/AB178_20260911_095827_117.ANALYZED.csv.
Repairing known issues in AB178_20260911_095827_117.ANALYZED.csv.
Done.
File AB178_20260911_095827_117.ANALYZED.csv appears to be a ddPCR results file.
  Fixing known incompatibilities in AB178_20260911_095827_117.ANALYZED.csv.
Done.
Copying file AB179.xlsx to batches/AB179.xlsx.
Repairing known issues in AB179.xlsx.
Copying file AB179_20260918_090101_899.ANALYZED.csv to batches/AB179_20260918_090101_899.ANALYZED.csv.
Repairing known issues in AB179_20260918_090101_899.ANALYZED.csv.
Done.
File AB179_20260918_090101_899.ANALYZED.csv appears to be a ddPCR results file.
  Fixing known incompatibilities in AB179_20260918_090101_899.ANALYZED.csv.
Done.
Copying file AssetTagReport.csv to batches/AssetTagReport.csv.
Repairing known issues in AssetTagReport.csv.
Done.
File AssetTagReport.csv appears to be an asset file.
It has been copied to batches/.

******
Running 2_compileUpdate.pl.
******


Ok, I'm about to start modifying the watchdb files in /Users/tpd0001/github/watch-wv/patchr/data/latest/.
First, let's back up /Users/tpd0001/github/watch-wv/patchr/data/latest/ to /Users/tpd0001/github/watch-wv/patchr/data/latest_bk/.

Now I'll create a new watchdb folder in /Users/tpd0001/github/watch-wv/patchr/data/incremental/2026-09-22_06-54/.
It will hold the latest watchdb after update with data from /Users/tpd0001/github/watch-wv/patchr/data/updates/2026-09-22_06-54/.


Now I'm merging the watchdb tables from /Users/tpd0001/github/watch-wv/patchr/data/latest/ with the update tables in /Users/tpd0001/github/watch-wv/patchr/data/updates/2026-09-22_06-54/.
These merged tables will be put in the folder that I just created, /Users/tpd0001/github/watch-wv/patchr/data/incremental/2026-09-22_06-54/.

******
Running 4_appendUpdate.pl /Users/tpd0001/github/watch-wv/patchr/data/incremental/2026-09-22_06-54 /Users/tpd0001/github/watch-wv/patchr/data/updates/2026-09-22_06-54/.
******



Now I will generate the RESULT table using the updated watchdb tables in /Users/tpd0001/github/watch-wv/patchr/data/incremental/2026-09-22_06-54.

******
Running 5_calculateResults.pl /Users/tpd0001/github/watch-wv/patchr/data/incremental/2026-09-22_06-54.
******
Undefined sample with id POS in sample table

5_calculateResults.pl exited with error code 255 and caused patchr to abort.
!!!!!!!!
patchr aborted during phase 5 (calculating results).
Check the file /Users/tpd0001/github/watch-wv/patchr/data/incremental/2026-09-22_06-54/_result.rejections.txt for details.
I STRONGLY recommend deleting /Users/tpd0001/github/watch-wv/patchr/data/incremental/2026-09-22_06-54/ after exploring this error.
Then delete the folder /Users/tpd0001/github/watch-wv/patchr/data/updates/2026-09-22_06-54/, fix the error(s), and run patchr again. 
!!!!!!!!
