#############################################
Initiated patchr.sh
2026-08-21_11-40

See logs/patchr/patchr.2026-08-21_11-40.log for warnings, errors, and other important information.
Input data dir: /Users/tpd0001/Library/CloudStorage/GoogleDrive-wvuvectors@gmail.com/My Drive/DRISCOLL_LAB/2 PROJECTS/WaTCH/TESTING_LAB/DATA_PCR
Output data dir: /Users/tpd0001/github/watch-wv/patchr/data

Searching for unprocessed batch files.
******
Running 1_queryBatches.pl -i /Users/tpd0001/Library/CloudStorage/GoogleDrive-wvuvectors@gmail.com/My Drive/DRISCOLL_LAB/2 PROJECTS/WaTCH/TESTING_LAB/DATA_PCR -o /Users/tpd0001/github/watch-wv/patchr/data.
******

1_queryBatches.pl identified unprocessed batch files, so an update will be prepared.
Preparing an update to WaTCH now.
Creating update folder /Users/tpd0001/github/watch-wv/patchr/data/updates/2026-08-21_11-40/ to hold the results.
Recording batch files to process in /Users/tpd0001/github/watch-wv/patchr/data/updates/2026-08-21_11-40//update.batch_files.txt.
******
Running prepUpdate.sh.
******
Switching to update directory /Users/tpd0001/github/watch-wv/patchr/data/updates/2026-08-21_11-40/.
Creating directory batches/ to hold the validated batch files.
Preparing unprocessed batch files listed in update.batch_files.txt.
Validated batch files will be stored in batches/ and update.batch_files.txt will be revised.
Further steps in patchr will use the files in batches/.
Copying file CB261.xlsx to batches/CB261.xlsx.
Repairing known issues in CB261.xlsx.
Copying file CB266.xlsx to batches/CB266.xlsx.
Repairing known issues in CB266.xlsx.
Copying file CB270.xlsx to batches/CB270.xlsx.
Repairing known issues in CB270.xlsx.
Copying file CB271.xlsx to batches/CB271.xlsx.
Repairing known issues in CB271.xlsx.
Copying file CB267.xlsx to batches/CB267.xlsx.
Repairing known issues in CB267.xlsx.
Copying file CB268.xlsx to batches/CB268.xlsx.
Repairing known issues in CB268.xlsx.
Copying file CB272.xlsx to batches/CB272.xlsx.
Repairing known issues in CB272.xlsx.
Copying file CB264.xlsx to batches/CB264.xlsx.
Repairing known issues in CB264.xlsx.
Copying file CB265.xlsx to batches/CB265.xlsx.
Repairing known issues in CB265.xlsx.
Copying file CB273.xlsx to batches/CB273.xlsx.
Repairing known issues in CB273.xlsx.
Copying file CB269.xlsx to batches/CB269.xlsx.
Repairing known issues in CB269.xlsx.
Copying file CB274.xlsx to batches/CB274.xlsx.
Repairing known issues in CB274.xlsx.
Copying file CB262.xlsx to batches/CB262.xlsx.
Repairing known issues in CB262.xlsx.
Copying file CB263.xlsx to batches/CB263.xlsx.
Repairing known issues in CB263.xlsx.
Copying file EB271.xlsx to batches/EB271.xlsx.
Repairing known issues in EB271.xlsx.
Copying file EB267.xlsx to batches/EB267.xlsx.
Repairing known issues in EB267.xlsx.
Copying file EB263.xlsx to batches/EB263.xlsx.
Repairing known issues in EB263.xlsx.
Copying file EB274.xlsx to batches/EB274.xlsx.
Repairing known issues in EB274.xlsx.
Copying file EB262.xlsx to batches/EB262.xlsx.
Repairing known issues in EB262.xlsx.
Copying file EB265.xlsx to batches/EB265.xlsx.
Repairing known issues in EB265.xlsx.
Copying file EB269.xlsx to batches/EB269.xlsx.
Repairing known issues in EB269.xlsx.
Copying file EB272.xlsx to batches/EB272.xlsx.
Repairing known issues in EB272.xlsx.
Copying file AB170.xlsx to batches/AB170.xlsx.
Repairing known issues in AB170.xlsx.
Copying file AB170_20260718_131244_376.ANALYZED.csv to batches/AB170_20260718_131244_376.ANALYZED.csv.
Repairing known issues in AB170_20260718_131244_376.ANALYZED.csv.
Done.
File AB170_20260718_131244_376.ANALYZED.csv appears to be a ddPCR results file.
  Fixing known incompatibilities in AB170_20260718_131244_376.ANALYZED.csv.
Done.
Copying file AB167.xlsx to batches/AB167.xlsx.
Repairing known issues in AB167.xlsx.
Copying file AB167_20260710_094341_398.ANAYZED.csv to batches/AB167_20260710_094341_398.ANAYZED.csv.
Repairing known issues in AB167_20260710_094341_398.ANAYZED.csv.
Done.
File AB167_20260710_094341_398.ANAYZED.csv appears to be a ddPCR results file.
  Fixing known incompatibilities in AB167_20260710_094341_398.ANAYZED.csv.
Done.
Copying file AB171.xlsx to batches/AB171.xlsx.
Repairing known issues in AB171.xlsx.
Copying file AB171_20260724_100104_264_ANALYZED.csv to batches/AB171_20260724_100104_264_ANALYZED.csv.
Repairing known issues in AB171_20260724_100104_264_ANALYZED.csv.
Done.
File AB171_20260724_100104_264_ANALYZED.csv appears to be a ddPCR results file.
  Fixing known incompatibilities in AB171_20260724_100104_264_ANALYZED.csv.
Done.
Copying file AB172.xlsx to batches/AB172.xlsx.
Repairing known issues in AB172.xlsx.
Copying file AB172_20260731_100309_733.ANALYZED.csv to batches/AB172_20260731_100309_733.ANALYZED.csv.
Repairing known issues in AB172_20260731_100309_733.ANALYZED.csv.
Done.
File AB172_20260731_100309_733.ANALYZED.csv appears to be a ddPCR results file.
  Fixing known incompatibilities in AB172_20260731_100309_733.ANALYZED.csv.
Done.
Copying file AB173.xlsx to batches/AB173.xlsx.
Repairing known issues in AB173.xlsx.
Copying file AB173_20260807_101400_023.ANALYZED.csv to batches/AB173_20260807_101400_023.ANALYZED.csv.
Repairing known issues in AB173_20260807_101400_023.ANALYZED.csv.
Done.
File AB173_20260807_101400_023.ANALYZED.csv appears to be a ddPCR results file.
  Fixing known incompatibilities in AB173_20260807_101400_023.ANALYZED.csv.
Done.
Copying file AB174.xlsx to batches/AB174.xlsx.
Repairing known issues in AB174.xlsx.
Copying file AB174_20260814_102450_480.ANALYZED.csv to batches/AB174_20260814_102450_480.ANALYZED.csv.
Repairing known issues in AB174_20260814_102450_480.ANALYZED.csv.
Done.
File AB174_20260814_102450_480.ANALYZED.csv appears to be a ddPCR results file.
  Fixing known incompatibilities in AB174_20260814_102450_480.ANALYZED.csv.
Done.
Copying file AB175.xlsx to batches/AB175.xlsx.
Repairing known issues in AB175.xlsx.
Copying file AB175_20260821_101022_040.ANALYZED.csv to batches/AB175_20260821_101022_040.ANALYZED.csv.
Repairing known issues in AB175_20260821_101022_040.ANALYZED.csv.
Done.
File AB175_20260821_101022_040.ANALYZED.csv appears to be a ddPCR results file.
  Fixing known incompatibilities in AB175_20260821_101022_040.ANALYZED.csv.
Done.
Copying file AssetTagReport.csv to batches/AssetTagReport.csv.
Repairing known issues in AssetTagReport.csv.
Done.
File AssetTagReport.csv appears to be an asset file.
It has been copied to batches/.

******
Running 2_compileUpdate.pl.
******


Ok, I'm about to start modifying the watchdb files in /Users/tpd0001/github/watch-wv/patchr/data/latest/.
First, let's back up /Users/tpd0001/github/watch-wv/patchr/data/latest/ to /Users/tpd0001/github/watch-wv/patchr/data/latest_bk/.

Now I'll create a new watchdb folder in /Users/tpd0001/github/watch-wv/patchr/data/incremental/2026-08-21_11-40/.
It will hold the latest watchdb after update with data from /Users/tpd0001/github/watch-wv/patchr/data/updates/2026-08-21_11-40/.


Now I'm merging the watchdb tables from /Users/tpd0001/github/watch-wv/patchr/data/latest/ with the update tables in /Users/tpd0001/github/watch-wv/patchr/data/updates/2026-08-21_11-40/.
These merged tables will be put in the folder that I just created, /Users/tpd0001/github/watch-wv/patchr/data/incremental/2026-08-21_11-40/.

******
Running 4_appendUpdate.pl /Users/tpd0001/github/watch-wv/patchr/data/incremental/2026-08-21_11-40 /Users/tpd0001/github/watch-wv/patchr/data/updates/2026-08-21_11-40/.
******



Now I will generate the RESULT table using the updated watchdb tables in /Users/tpd0001/github/watch-wv/patchr/data/incremental/2026-08-21_11-40.

******
Running 5_calculateResults.pl /Users/tpd0001/github/watch-wv/patchr/data/incremental/2026-08-21_11-40.
******
Undefined sample with id A01-1635 in sample table

5_calculateResults.pl exited with error code 255 and caused patchr to abort.
!!!!!!!!
patchr aborted during phase 5 (calculating results).
Check the file /Users/tpd0001/github/watch-wv/patchr/data/incremental/2026-08-21_11-40/_result.rejections.txt for details.
I STRONGLY recommend deleting /Users/tpd0001/github/watch-wv/patchr/data/incremental/2026-08-21_11-40/ after exploring this error.
Then delete the folder /Users/tpd0001/github/watch-wv/patchr/data/updates/2026-08-21_11-40/, fix the error(s), and run patchr again. 
!!!!!!!!
