#############################################
Initiated patchr.sh
2026-03-23_12-00

See logs/patchr/patchr.2026-03-23_12-00.log for warnings, errors, and other important information.
Input data dir: /Users/tpd0001/Library/CloudStorage/GoogleDrive-wvuvectors@gmail.com/My Drive/DRISCOLL_LAB/2 PROJECTS/WaTCH/TESTING_LAB/DATA_PCR
Output data dir: /Users/tpd0001/github/watch-wv/patchr/data

Searching for unprocessed batch files.
******
Running 1_queryBatches.pl -i /Users/tpd0001/Library/CloudStorage/GoogleDrive-wvuvectors@gmail.com/My Drive/DRISCOLL_LAB/2 PROJECTS/WaTCH/TESTING_LAB/DATA_PCR -o /Users/tpd0001/github/watch-wv/patchr/data.
******

1_queryBatches.pl identified unprocessed batch files, so an update will be prepared.
Preparing an update to WaTCH now.
Creating update folder /Users/tpd0001/github/watch-wv/patchr/data/updates/2026-03-23_12-00/ to hold the results.
Recording batch files to process in /Users/tpd0001/github/watch-wv/patchr/data/updates/2026-03-23_12-00//update.batch_files.txt.
******
Running prepUpdate.sh.
******
Switching to update directory /Users/tpd0001/github/watch-wv/patchr/data/updates/2026-03-23_12-00/.
Creating directory batches/ to hold the validated batch files.
Preparing unprocessed batch files listed in update.batch_files.txt.
Validated batch files will be stored in batches/ and update.batch_files.txt will be revised.
Further steps in patchr will use the files in batches/.
Copying file CB226.xlsx to batches/CB226.xlsx.
Repairing known issues in CB226.xlsx.
Copying file CB225.xlsx to batches/CB225.xlsx.
Repairing known issues in CB225.xlsx.
Copying file EB226.xlsx to batches/EB226.xlsx.
Repairing known issues in EB226.xlsx.
Copying file AB141.xlsx to batches/AB141.xlsx.
Repairing known issues in AB141.xlsx.
Copying file AB141_20260320_094340_605_ANALYZED.csv to batches/AB141_20260320_094340_605_ANALYZED.csv.
Repairing known issues in AB141_20260320_094340_605_ANALYZED.csv.
Done.
File AB141_20260320_094340_605_ANALYZED.csv appears to be a ddPCR results file.
  Fixing known incompatibilities in AB141_20260320_094340_605_ANALYZED.csv.
Done.
Copying file AssetTagReport.csv to batches/AssetTagReport.csv.
Repairing known issues in AssetTagReport.csv.
Done.
File AssetTagReport.csv appears to be an asset file.
It has been copied to batches/.

******
Running 2_compileUpdate.pl.
******


Ok, I'm about to start modifying the watchdb files in /Users/tpd0001/github/watch-wv/patchr/data/latest/.
First, let's back up /Users/tpd0001/github/watch-wv/patchr/data/latest/ to /Users/tpd0001/github/watch-wv/patchr/data/latest_bk/.

Now I'll create a new watchdb folder in /Users/tpd0001/github/watch-wv/patchr/data/incremental/2026-03-23_12-00/.
It will hold the latest watchdb after update with data from /Users/tpd0001/github/watch-wv/patchr/data/updates/2026-03-23_12-00/.


Now I'm merging the watchdb tables from /Users/tpd0001/github/watch-wv/patchr/data/latest/ with the update tables in /Users/tpd0001/github/watch-wv/patchr/data/updates/2026-03-23_12-00/.
These merged tables will be put in the folder that I just created, /Users/tpd0001/github/watch-wv/patchr/data/incremental/2026-03-23_12-00/.

******
Running 4_appendUpdate.pl /Users/tpd0001/github/watch-wv/patchr/data/incremental/2026-03-23_12-00 /Users/tpd0001/github/watch-wv/patchr/data/updates/2026-03-23_12-00/.
******



Now I will generate the RESULT table using the updated watchdb tables in /Users/tpd0001/github/watch-wv/patchr/data/incremental/2026-03-23_12-00.

******
Running 5_calculateResults.pl /Users/tpd0001/github/watch-wv/patchr/data/incremental/2026-03-23_12-00.
******
Undefined sample with id K01-0493 in sample table

5_calculateResults.pl exited with error code 255 and caused patchr to abort.
!!!!!!!!
patchr aborted during phase 5 (calculating results).
Check the file /Users/tpd0001/github/watch-wv/patchr/data/incremental/2026-03-23_12-00/_result.rejections.txt for details.
I STRONGLY recommend deleting /Users/tpd0001/github/watch-wv/patchr/data/incremental/2026-03-23_12-00/ after exploring this error.
Then delete the folder /Users/tpd0001/github/watch-wv/patchr/data/updates/2026-03-23_12-00/, fix the error(s), and run patchr again. 
!!!!!!!!
